ATBAW
ATERS
ATERS
ATRAO
ATRAO
ATRBI
ATRBI
ATSBE
ATVLK
BEAGT
BEAGT
BEAXA
BEAXA
BEBFS
BEBFS
BEBNY
BEBNY
BEDGF
BEDGF
BEKBC
BEKBC
CYBOC
CYHEB
CYRCB
DEAAB
DEAPA
DEAPA
DECOM
DEDEB
DEDEB
DEDEK
DEDZB
DEDZB
DEGSB
DEHAS
DEHCB
DEHSH
DEJPM
DEJPM
DELBE
DELBW
DELBW
DELBY
DELHT
DELHT
DEMHY
DEMSE
DENLG
DEPBB
DESTS
DESTS
DEUBS
DEVWF
DEVWF
EELUM
EELUM
EESEB
EESWE
ESBBV
ESBFA
ESBFA
ESBFA
ESBKT
ESBKT
ESCAX
ESCAX
ESCAX
ESCRU
ESCRU
ESIBE
ESIBE
ESKTX
ESKTX
ESLIB
ESLIB
ESLIB
ESNCG
ESNCG
ESSAB
ESSAN
ESSAN
ESUNC
ESUNC
FIKUN
FINOR
FIOPP
FRBNP
FRBNP
FRBNP
FRBPC
FRBPI
FRBPL
FRBPU
FRCAG
FRCAG
FRCAG
FRCMU
FRCRH
FRCRH
FRCRH
FRHSB
FRRCI
FRRCI
FRSFL
FRSFL
FRSFL
FRSOG
FRSOG
GRALP
GRALP
GREBE
GREBE
GRNBG
GRNBG
GRPIR
GRPIR
IEAIB
IEBAM
IEBAR
IEBOI
IECIT
IERBS
ITBPM
ITBPM
ITBPM
ITCCE
ITCRE
ITCRE
ITICC
ITICC
ITISP
ITISP
ITMDB
ITMPS
ITMPS
ITPER
ITPER
ITPSO
ITPSO
ITUBI
ITUBI
ITUBI
ITUNI
ITUNI
LTABS
LTABS
LTABS
LTSEB
LTSWE
LUBCE
LUBCE
LUBIL
LUBIL
LUBIL
LUJPM
LUPCA
LUPCA
LUPCA
LURBC
LVSEB
LVSWE
MTBOV
MTHSB
MTMED
NLABN
NLING
NLING
NLNGE
NLNGE
NLRAB
NLSNS
NLSNS
NLWAT
NLWAT
PTBCP
PTBES
PTBES
PTCGD
PTNOB
SESEB
SESEB
SESWE
SESWE
SESWE
SINKB
SINKB
SINKB
SINLB
SINLB
SKERS
SKISP
SKRBI